Header:
    Name = 2pDebug
    Width = 20
    Height = 20
    Player:
        StartX = 9
        StartY = 2
    Player:
        StartX = 9
        StartY = 17
Map:
    Row:
        Tile:
            Snow
            Mountain
        Tile:
            Snow
            Mountain
        Tile:
            Snow
            Mountain
        Tile:
            Snow
            Mountain
        Tile:
            Snow
            Mountain
        Tile:
            Snow
            Mountain
        Tile:
            Snow
            Mountain
        Tile:
            Snow
            Mountain
        Tile:
            Snow
            Hill
        Tile:
            Snow
            Hill
        Tile:
            Grassland
            Hill
        Tile:
            Snow
            Mountain
        Tile:
            Snow
            Mountain
        Tile:
            Snow
            Mountain
        Tile:
            Snow
            Mountain
        Tile:
            Snow
            Mountain
        Tile:
            Snow
            Hill
        Tile:
            Snow
            Mountain
        Tile:
            Snow
            Mountain
        Tile:
            Snow
            Mountain
    Row:
        Tile:
            Grassland
            Hill
        Tile:
            Grassland
            Hill
        Tile:
            Grassland
            Hill
        Tile:
            Grassland
            Hill
        Tile:
            Grassland
            Hill
        Tile:
            Grassland
            Hill
        Tile:
            Grassland
            Hill
        Tile:
            Grassland
            Hill
        Tile:
            Concrete
        Tile:
            Concrete
        Tile:
            Concrete
        Tile:
            Grassland
            Hill
        Tile:
            Grassland
            Hill
        Tile:
            Grassland
            Hill
        Tile:
            Grassland
            Hill
        Tile:
            Snow
            Hill
        Tile:
            Grassland
            Trees
        Tile:
            Snow
            Hill
        Tile:
            Grassland
            Trees
        Tile:
            Snow
            Hill
    Row:
        Tile:
            Grassland
            Trees
        Tile:
            Grassland
            Trees
        Tile:
            Grassland
            Trees
        Tile:
            Grassland
        Tile:
            Grassland
        Tile:
            Grassland
        Tile:
            Grassland
        Tile:
            Grassland
        Tile:
            Concrete
        Tile:
            Concrete
            Hq
        Tile:
            Concrete
        Tile:
            Grassland
        Tile:
            Grassland
            Trees
        Tile:
            Grassland
            Trees
        Tile:
            Grassland
            Trees
        Tile:
            Grassland
            Trees
        Tile:
            Grassland
            Trees
        Tile:
            Grassland
            Trees
        Tile:
            Grassland
            Trees
        Tile:
            Grassland
            Trees
    Row:
        Tile:
            Grassland
            Trees
        Tile:
            Grassland
            Trees
        Tile:
            Grassland
            Trees
        Tile:
            Grassland
            Trees
        Tile:
            Grassland
            Village
        Tile:
            Grassland
        Tile:
            Grassland
        Tile:
            Grassland
        Tile:
            Concrete
        Tile:
            Concrete
        Tile:
            Grassland
        Tile:
            Grassland
        Tile:
            Grassland
            Trees
        Tile:
            Grassland
            Trees
        Tile:
            Grassland
            Trees
        Tile:
            Grassland
            Village
        Tile:
            Grassland
            Trees
        Tile:
            Grassland
            Trees
        Tile:
            Grassland
            Trees
        Tile:
            Grassland
            Trees
    Row:
        Tile:
            Grassland
            Trees
        Tile:
            Grassland
            Trees
        Tile:
            Grassland
            Trees
        Tile:
            Grassland
            Trees
        Tile:
            Grassland
        Tile:
            Grassland
        Tile:
            Grassland
        Tile:
            Grassland
        Tile:
            Concrete
        Tile:
            Grassland
        Tile:
            Grassland
        Tile:
            Grassland
        Tile:
            Grassland
        Tile:
            Grassland
        Tile:
            Grassland
        Tile:
            Grassland
            Trees
        Tile:
            Grassland
            Trees
        Tile:
            Grassland
            Trees
        Tile:
            Grassland
            Trees
        Tile:
            Grassland
            Trees
    Row:
        Tile:
            Grassland
            Trees
        Tile:
            Grassland
            Trees
        Tile:
            Grassland
            Trees
        Tile:
            Grassland
            Trees
        Tile:
            Grassland
            Trees
        Tile:
            Grassland
        Tile:
            Grassland
        Tile:
            Grassland
        Tile:
            Concrete
        Tile:
            Concrete
        Tile:
            Concrete
        Tile:
            Grassland
        Tile:
            Concrete
        Tile:
            Grassland
        Tile:
            Grassland
        Tile:
            Grassland
        Tile:
            Grassland
        Tile:
            Grassland
            Trees
        Tile:
            Grassland
        Tile:
            Grassland
    Row:
        Tile:
            Swamp
        Tile:
            Grassland
            Trees
        Tile:
            Swamp
        Tile:
            Grassland
            Trees
        Tile:
            Swamp
        Tile:
            Grassland
        Tile:
            Grassland
        Tile:
            Grassland
        Tile:
            Concrete
            Fort
        Tile:
            Grassland
        Tile:
            Grassland
        Tile:
            Concrete
        Tile:
            Grassland
            Farmland
        Tile:
            Concrete
            City
        Tile:
            Grassland
            Farmland
        Tile:
            Grassland
        Tile:
            Swamp
        Tile:
            Grassland
        Tile:
            Swamp
        Tile:
            Grassland
    Row:
        Tile:
            Water
        Tile:
            Swamp
        Tile:
            Water
        Tile:
            Swamp
        Tile:
            Water
        Tile:
            Swamp
        Tile:
            Water
        Tile:
            Water
        Tile:
            Water
            Bridge
        Tile:
            Swamp
        Tile:
            Water
        Tile:
            Water
        Tile:
            Water
        Tile:
            Grassland
            Farmland
        Tile:
            Water
        Tile:
            Swamp
        Tile:
            Water
        Tile:
            Swamp
        Tile:
            Water
        Tile:
            Swamp
    Row:
        Tile:
            Water
        Tile:
            Water
        Tile:
            Grassland
            Farmland
        Tile:
            Water
        Tile:
            Grassland
        Tile:
            Water
        Tile:
            Grassland
        Tile:
            Water
        Tile:
            Dirt
            Fort
        Tile:
            Water
        Tile:
            Grassland
        Tile:
            Grassland
        Tile:
            Grassland
        Tile:
            Water
        Tile:
            Water
        Tile:
            Water
        Tile:
            Deep-water
        Tile:
            Water
        Tile:
            Deep-water
        Tile:
            Water
    Row:
        Tile:
            Swamp
        Tile:
            Grassland
            Farmland
        Tile:
            Concrete
            City
        Tile:
            Grassland
            Farmland
        Tile:
            Dirt
        Tile:
            Grassland
        Tile:
            Grassland
        Tile:
            Grassland
        Tile:
            Dirt
        Tile:
            Grassland
        Tile:
            Grassland
        Tile:
            Grassland
        Tile:
            Grassland
        Tile:
            Swamp
        Tile:
            Swamp
        Tile:
            Water
        Tile:
            Water
        Tile:
            Deep-water
        Tile:
            Deep-water
        Tile:
            Deep-water
    Row:
        Tile:
            Grassland
        Tile:
            Grassland
        Tile:
            Grassland
        Tile:
            Dirt
        Tile:
            Grassland
        Tile:
            Dirt
        Tile:
            Dirt
        Tile:
            Grassland
        Tile:
            Dirt
        Tile:
            Grassland
        Tile:
            Grassland
        Tile:
            Grassland
        Tile:
            Grassland
        Tile:
            Grassland
        Tile:
            Grassland
        Tile:
            Swamp
        Tile:
            Swamp
        Tile:
            Water
        Tile:
            Water
        Tile:
            Deep-water
    Row:
        Tile:
            Grassland
            Trees
        Tile:
            Grassland
        Tile:
            Grassland
        Tile:
            Grassland
        Tile:
            Grassland
        Tile:
            Grassland
        Tile:
            Grassland
        Tile:
            Dirt
        Tile:
            Grassland
        Tile:
            Dirt
        Tile:
            Grassland
        Tile:
            Grassland
        Tile:
            Grassland
        Tile:
            Grassland
        Tile:
            Grassland
            Trees
        Tile:
            Grassland
        Tile:
            Grassland
            Trees
        Tile:
            Swamp
        Tile:
            Swamp
        Tile:
            Water
    Row:
        Tile:
            Grassland
            Trees
        Tile:
            Grassland
            Trees
        Tile:
            Grassland
            Trees
        Tile:
            Grassland
        Tile:
            Grassland
            Trees
        Tile:
            Grassland
        Tile:
            Grassland
            Trees
        Tile:
            Grassland
        Tile:
            Grassland
        Tile:
            Dirt
        Tile:
            Grassland
        Tile:
            Grassland
        Tile:
            Grassland
        Tile:
            Grassland
        Tile:
            Grassland
            Trees
        Tile:
            Grassland
            Trees
        Tile:
            Grassland
            Trees
        Tile:
            Grassland
            Trees
        Tile:
            Grassland
            Trees
        Tile:
            Swamp
    Row:
        Tile:
            Grassland
            Trees
        Tile:
            Grassland
            Trees
        Tile:
            Grassland
            Trees
        Tile:
            Grassland
            Trees
        Tile:
            Grassland
            Trees
        Tile:
            Grassland
            Trees
        Tile:
            Water
        Tile:
            Grassland
        Tile:
            Grassland
        Tile:
            Dirt
        Tile:
            Grassland
        Tile:
            Grassland
        Tile:
            Grassland
            Trees
        Tile:
            Grassland
            Trees
        Tile:
            Grassland
            Trees
        Tile:
            Grassland
            Trees
        Tile:
            Grassland
            Trees
        Tile:
            Grassland
            Trees
        Tile:
            Grassland
            Trees
        Tile:
            Grassland
            Trees
    Row:
        Tile:
            Grassland
            Trees
        Tile:
            Grassland
            Trees
        Tile:
            Grassland
            Trees
        Tile:
            Grassland
            Village
        Tile:
            Grassland
            Trees
        Tile:
            Deep-water
        Tile:
            Water
        Tile:
            Grassland
        Tile:
            Grassland
        Tile:
            Dirt
        Tile:
            Grassland
        Tile:
            Grassland
        Tile:
            Grassland
            Trees
        Tile:
            Grassland
            Trees
        Tile:
            Grassland
            Village
        Tile:
            Grassland
            Trees
        Tile:
            Grassland
            Trees
        Tile:
            Grassland
            Trees
        Tile:
            Grassland
            Trees
        Tile:
            Grassland
            Trees
    Row:
        Tile:
            Grassland
            Trees
        Tile:
            Grassland
            Trees
        Tile:
            Water
        Tile:
            Grassland
            Trees
        Tile:
            Grassland
            Trees
        Tile:
            Grassland
            Trees
        Tile:
            Grassland
        Tile:
            Grassland
        Tile:
            Grassland
        Tile:
            Dirt
        Tile:
            Grassland
        Tile:
            Grassland
            Trees
        Tile:
            Grassland
            Trees
        Tile:
            Grassland
            Trees
        Tile:
            Grassland
            Trees
        Tile:
            Grassland
            Trees
        Tile:
            Grassland
            Trees
        Tile:
            Grassland
            Trees
        Tile:
            Grassland
            Trees
        Tile:
            Grassland
            Trees
    Row:
        Tile:
            Water
        Tile:
            Water
        Tile:
            Swamp
        Tile:
            Water
        Tile:
            Water
        Tile:
            Grassland
            Trees
        Tile:
            Grassland
        Tile:
            Grassland
        Tile:
            Concrete
        Tile:
            Dirt
        Tile:
            Concrete
        Tile:
            Grassland
            Trees
        Tile:
            Grassland
            Trees
        Tile:
            Grassland
            Trees
        Tile:
            Grassland
            Trees
        Tile:
            Grassland
            Trees
        Tile:
            Grassland
            Trees
        Tile:
            Grassland
            Trees
        Tile:
            Grassland
            Trees
        Tile:
            Grassland
            Trees
    Row:
        Tile:
            Grassland
        Tile:
            Grassland
        Tile:
            Grassland
        Tile:
            Grassland
        Tile:
            Grassland
        Tile:
            Water
        Tile:
            Grassland
        Tile:
            Grassland
        Tile:
            Concrete
        Tile:
            Concrete
            Hq
        Tile:
            Concrete
        Tile:
            Grassland
            Trees
        Tile:
            Grassland
            Trees
        Tile:
            Grassland
            Trees
        Tile:
            Grassland
            Trees
        Tile:
            Grassland
            Trees
        Tile:
            Grassland
            Trees
        Tile:
            Grassland
            Trees
        Tile:
            Grassland
            Trees
        Tile:
            Grassland
            Trees
    Row:
        Tile:
            Rocks
            Hill
        Tile:
            Rocks
            Hill
        Tile:
            Rocks
            Hill
        Tile:
            Rocks
            Hill
        Tile:
            Rocks
            Hill
        Tile:
            Rocks
            Hill
        Tile:
            Rocks
            Hill
        Tile:
            Rocks
            Hill
        Tile:
            Rocks
            Hill
        Tile:
            Concrete
        Tile:
            Rocks
            Hill
        Tile:
            Rocks
            Hill
        Tile:
            Rocks
            Hill
        Tile:
            Rocks
            Hill
            Trees
        Tile:
            Rocks
            Hill
        Tile:
            Rocks
            Hill
            Trees
        Tile:
            Rocks
            Hill
        Tile:
            Rocks
            Hill
            Trees
        Tile:
            Rocks
            Hill
        Tile:
            Rocks
            Hill
            Trees
    Row:
        Tile:
            Rocks
            Mountain
        Tile:
            Rocks
            Mountain
        Tile:
            Rocks
            Mountain
        Tile:
            Rocks
            Mountain
        Tile:
            Rocks
            Mountain
        Tile:
            Rocks
            Mountain
        Tile:
            Rocks
            Mountain
        Tile:
            Rocks
            Hill
        Tile:
            Rocks
            Mountain
        Tile:
            Rocks
            Mountain
        Tile:
            Rocks
            Mountain
        Tile:
            Rocks
            Mountain
        Tile:
            Rocks
            Mountain
        Tile:
            Rocks
            Mountain
        Tile:
            Rocks
            Mountain
        Tile:
            Rocks
            Hill
        Tile:
            Rocks
            Mountain
        Tile:
            Rocks
            Mountain
        Tile:
            Rocks
            Mountain
        Tile:
            Rocks
            Mountain
