Header:
    Name = test
    Width = 13
    Height = 13
Map:
    Row:
        Tile:
            Snow
            Mountain
        Tile:
            Snow
            Mountain
        Tile:
            Snow
            Mountain
        Tile:
            Snow
            Mountain
        Tile:
            Snow
            Mountain
        Tile:
            Snow
            Mountain
        Tile:
            Snow
            Mountain
        Tile:
            Dirt
        Tile:
            Concrete
            Fort
        Tile:
            Swamp
        Tile:
            Swamp
        Tile:
            Swamp
        Tile:
            Concrete
            Fort
    Row:
        Tile:
            Grassland
            Mountain
        Tile:
            Grassland
            Mountain
        Tile:
            Grassland
            Mountain
        Tile:
            Grassland
            Mountain
        Tile:
            Dirt
        Tile:
            Dirt
        Tile:
            Dirt
        Tile:
            Dirt
        Tile:
            Concrete
            City
        Tile:
            Concrete
            City
        Tile:
            Concrete
            City
        Tile:
            Concrete
            City
        Tile:
            Swamp
    Row:
        Tile:
            Grassland
            Hill
        Tile:
            Grassland
            Hill
        Tile:
            Grassland
            Hill
        Tile:
            Grassland
            Hill
        Tile:
            Desert
        Tile:
            Grassland
            Trees
        Tile:
            Grassland
            Trees
        Tile:
            Dirt
        Tile:
            Concrete
            City
        Tile:
            Concrete
            City
        Tile:
            Concrete
            City
        Tile:
            Swamp
        Tile:
            Water
    Row:
        Tile:
            Grassland
            Hill
        Tile:
            Grassland
            Hill
        Tile:
            Grassland
            Trees
        Tile:
            Grassland
            Trees
        Tile:
            Desert
        Tile:
            Grassland
            Trees
        Tile:
            Grassland
            Trees
        Tile:
            Dirt
        Tile:
            Concrete
            City
        Tile:
            Concrete
            City
        Tile:
            Concrete
            City
        Tile:
            Swamp
        Tile:
            Water
    Row:
        Tile:
            Grassland
            Hill
        Tile:
            Grassland
            Trees
        Tile:
            Grassland
            Trees
        Tile:
            Desert
            Trees
        Tile:
            Void
        Tile:
            Desert
            Trees
        Tile:
            Grassland
            Trees
        Tile:
            Dirt
        Tile:
            Concrete
            City
        Tile:
            Concrete
            City
        Tile:
            Concrete
            City
        Tile:
            Swamp
        Tile:
            Dirt
    Row:
        Tile:
            Dirt
        Tile:
            Grassland
            Trees
        Tile:
            Grassland
            Trees
        Tile:
            Desert
            Trees
        Tile:
            Desert
            Trees
        Tile:
            Desert
            Trees
        Tile:
            Grassland
            Trees
        Tile:
            Dirt
        Tile:
            Concrete
            Fort
        Tile:
            Concrete
            City
        Tile:
            Dirt
        Tile:
            Dirt
        Tile:
            Grassland
    Row:
        Tile:
            Grassland
        Tile:
            Dirt
        Tile:
            Dirt
        Tile:
            Grassland
            Trees
        Tile:
            Grassland
            Trees
        Tile:
            Grassland
            Trees
        Tile:
            Dirt
        Tile:
            Dirt
        Tile:
            Dirt
        Tile:
            Dirt
        Tile:
            Grassland
        Tile:
            Grassland
        Tile:
            Grassland
    Row:
        Tile:
            Grassland
        Tile:
            Grassland
        Tile:
            Grassland
        Tile:
            Dirt
        Tile:
            Dirt
        Tile:
            Dirt
        Tile:
            Grassland
        Tile:
            Dirt
        Tile:
            Grassland
        Tile:
            Grassland
        Tile:
            Grassland
        Tile:
            Grassland
        Tile:
            Grassland
            Farmland
    Row:
        Tile:
            Grassland
            Farmland
        Tile:
            Grassland
        Tile:
            Grassland
            Farmland
        Tile:
            Grassland
        Tile:
            Grassland
            Farmland
        Tile:
            Grassland
        Tile:
            Grassland
        Tile:
            Dirt
        Tile:
            Grassland
        Tile:
            Grassland
        Tile:
            Grassland
        Tile:
            Grassland
        Tile:
            Grassland
    Row:
        Tile:
            Water
        Tile:
            Grassland
            Farmland
        Tile:
            Water
        Tile:
            Grassland
            Farmland
        Tile:
            Water
        Tile:
            Grassland
            Farmland
        Tile:
            Grassland
            Farmland
        Tile:
            Concrete
        Tile:
            Grassland
            Farmland
        Tile:
            Grassland
            Farmland
        Tile:
            Grassland
            Farmland
        Tile:
            Grassland
            Farmland
        Tile:
            Grassland
            Farmland
    Row:
        Tile:
            Water
        Tile:
            Water
        Tile:
            Water
        Tile:
            Water
        Tile:
            Water
        Tile:
            Water
        Tile:
            Water
        Tile:
            Concrete
        Tile:
            Water
        Tile:
            Water
        Tile:
            Water
        Tile:
            Water
        Tile:
            Water
    Row:
        Tile:
            Water
        Tile:
            Water
        Tile:
            Water
        Tile:
            Water
        Tile:
            Water
        Tile:
            Water
        Tile:
            Water
        Tile:
            Concrete
            Fort
        Tile:
            Water
        Tile:
            Water
        Tile:
            Water
        Tile:
            Water
        Tile:
            Water
    Row:
        Tile:
            Deep-water
        Tile:
            Deep-water
        Tile:
            Deep-water
        Tile:
            Deep-water
        Tile:
            Deep-water
        Tile:
            Deep-water
        Tile:
            Deep-water
        Tile:
            Water
        Tile:
            Deep-water
        Tile:
            Deep-water
        Tile:
            Deep-water
        Tile:
            Deep-water
        Tile:
            Deep-water
